// Jest Snapshot v1, https://goo.gl/fbAQLP

exports[`SkipLink matches snapshot: SkipLink 1`] = `
<a
  className="nhsuk-skip-link"
  href="#maincontent"
  onClick={[Function]}
>
  Skip to main content
</a>
`;
